Oct 22 09:39:35 server sshd[30904]: Failed password for root from 218.65.30.190 port 7292 ssh2
Oct 22 09:39:35 server sshd[30904]: pam_succeed_if(sshd:auth): requirement "uid >= 1000" not met by user "root"
Oct 22 09:39:37 server sshd[30904]: Failed password for root from 218.65.30.190 port 7292 ssh2
Oct 22 09:39:40 server sshd[30904]: pam_succeed_if(sshd:auth): requirement "uid >= 1000" not met by user "root"
Oct 22 09:39:42 server sshd[30904]: Failed password for root from 218.65.30.190 port 7292 ssh2
Oct 22 09:39:42 server sshd[30904]: Disconnecting: Too many authentication failures for root [preauth]
Oct 22 09:39:42 server sshd[30904]: PAM 5 more authentication failures; logname= uid=0 euid=0 tty=ssh ruser= rhost=218.65.30.190  user=root
Oct 22 09:39:42 server sshd[30904]: PAM service(sshd) ignoring max retries; 6 > 3
Oct 22 09:39:48 server sshd[30963]: fatal: no matching mac found: client hmac-md5,hmac-sha1 server hmac-sha2-512-etm@openssh.com,hmac-sha2-256-etm@openssh.com,umac-128-etm@openssh.com,hmac-sha2-512,hmac-sha2-256,hmac-ripemd160 [preauth]
Oct 22 09:39:54 server sshd[30959]: reverse mapping checking getaddrinfo for 190.30.65.218.broad.xy.jx.dynamic.163data.com.cn [218.65.30.190] failed - POSSIBLE BREAK-IN ATTEMPT!
Oct 22 09:39:54 server sshd[30959]: pam_unix(sshd:auth): authentication failure; logname= uid=0 euid=0 tty=ssh ruser= rhost=218.65.30.190  user=root
Oct 22 09:39:54 server sshd[30959]: pam_succeed_if(sshd:auth): requirement "uid >= 1000" not met by user "root"
Oct 22 09:39:56 server sshd[30959]: Failed password for root from 218.65.30.190 port 52580 ssh2
Oct 22 09:39:57 server sshd[30959]: pam_succeed_if(sshd:auth): requirement "uid >= 1000" not met by user "root"
Oct 22 09:39:58 server sshd[30959]: Failed password for root from 218.65.30.190 port 52580 ssh2
Oct 22 09:39:59 server sshd[30959]: pam_succeed_if(sshd:auth): requirement "uid >= 1000" not met by user "root"
Oct 22 09:40:01 server sshd[30959]: Failed password for root from 218.65.30.190 port 52580 ssh2
Oct 22 09:40:01 server sshd[30959]: pam_succeed_if(sshd:auth): requirement "uid >= 1000" not met by user "root"
Oct 22 09:40:03 server sshd[30959]: Failed password for root from 218.65.30.190 port 52580 ssh2
Oct 22 09:40:04 server sshd[30959]: pam_succeed_if(sshd:auth): requirement "uid >= 1000" not met by user "root"
Oct 22 09:40:06 server sshd[30959]: Failed password for root from 218.65.30.190 port 52580 ssh2
Oct 22 09:40:07 server sshd[30959]: pam_succeed_if(sshd:auth): requirement "uid >= 1000" not met by user "root"
Oct 22 09:40:09 server sshd[30959]: Failed password for root from 218.65.30.190 port 52580 ssh2
Oct 22 09:40:09 server sshd[30959]: Disconnecting: Too many authentication failures for root [preauth]
Oct 22 09:40:09 server sshd[30959]: PAM 5 more authentication failures; logname= uid=0 euid=0 tty=ssh ruser= rhost=218.65.30.190  user=root
Oct 22 09:40:09 server sshd[30959]: PAM service(sshd) ignoring max retries; 6 > 3
Oct 22 09:40:12 server sshd[31014]: reverse mapping checking getaddrinfo for 190.30.65.218.broad.xy.jx.dynamic.163data.com.cn [218.65.30.190] failed - POSSIBLE BREAK-IN ATTEMPT!
Oct 22 09:40:12 server sshd[31014]: pam_unix(sshd:auth): authentication failure; logname= uid=0 euid=0 tty=ssh ruser= rhost=218.65.30.190  user=root
Oct 22 09:40:12 server sshd[31014]: pam_succeed_if(sshd:auth): requirement "uid >= 1000" not met by user "root"
Oct 22 09:40:14 server sshd[31014]: Failed password for root from 218.65.30.190 port 41052 ssh2
Oct 22 09:40:15 server sshd[31014]: pam_succeed_if(sshd:auth): requirement "uid >= 1000" not met by user "root"
Oct 22 09:40:17 server sshd[31014]: Failed password for root from 218.65.30.190 port 41052 ssh2
Oct 22 09:40:18 server sshd[31014]: pam_succeed_if(sshd:auth): requirement "uid >= 1000" not met by user "root"
Oct 22 09:40:19 server sshd[31014]: Failed password for root from 218.65.30.190 port 41052 ssh2
Oct 22 09:40:21 server sshd[31014]: pam_succeed_if(sshd:auth): requirement "uid >= 1000" not met by user "root"
Oct 22 09:40:23 server sshd[31014]: Failed password for root from 218.65.30.190 port 41052 ssh2
Oct 22 09:40:24 server sshd[31014]: pam_succeed_if(sshd:auth): requirement "uid >= 1000" not met by user "root"
Oct 22 09:40:26 server sshd[31014]: Failed password for root from 218.65.30.190 port 41052 ssh2
Oct 22 09:40:26 server sshd[31014]: pam_succeed_if(sshd:auth): requirement "uid >= 1000" not met by user "root"
Oct 22 09:40:29 server sshd[31014]: Failed password for root from 218.65.30.190 port 41052 ssh2
Oct 22 09:40:29 server sshd[31014]: Disconnecting: Too many authentication failures for root [preauth]
Oct 22 09:40:29 server sshd[31014]: PAM 5 more authentication failures; logname= uid=0 euid=0 tty=ssh ruser= rhost=218.65.30.190  user=root
Oct 22 09:40:29 server sshd[31014]: PAM service(sshd) ignoring max retries; 6 > 3
Oct 22 09:40:32 server sshd[31046]: reverse mapping checking getaddrinfo for 190.30.65.218.broad.xy.jx.dynamic.163data.com.cn [218.65.30.190] failed - POSSIBLE BREAK-IN ATTEMPT!
Oct 22 09:40:32 server sshd[31046]: pam_unix(sshd:auth): authentication failure; logname= uid=0 euid=0 tty=ssh ruser= rhost=218.65.30.190  user=root
Oct 22 09:40:32 server sshd[31046]: pam_succeed_if(sshd:auth): requirement "uid >= 1000" not met by user "root"
Oct 22 09:40:34 server sshd[31046]: Failed password for root from 218.65.30.190 port 15000 ssh2
Oct 22 09:40:36 server sshd[31046]: pam_succeed_if(sshd:auth): requirement "uid >= 1000" not met by user "root"
Oct 22 09:40:37 server sshd[31046]: Failed password for root from 218.65.30.190 port 15000 ssh2
Oct 22 09:40:38 server sshd[31046]: pam_succeed_if(sshd:auth): requirement "uid >= 1000" not met by user "root"
Oct 22 09:40:40 server sshd[31046]: Failed password for root from 218.65.30.190 port 15000 ssh2
Oct 22 09:40:41 server sshd[31046]: pam_succeed_if(sshd:auth): requirement "uid >= 1000" not met by user "root"
Oct 22 09:40:42 server sshd[31046]: Failed password for root from 218.65.30.190 port 15000 ssh2
Oct 22 09:40:43 server sshd[31046]: pam_succeed_if(sshd:auth): requirement "uid >= 1000" not met by user "root"
Oct 22 09:40:45 server sshd[31046]: Failed password for root from 218.65.30.190 port 15000 ssh2
Oct 22 09:40:46 server sshd[31046]: pam_succeed_if(sshd:auth): requirement "uid >= 1000" not met by user "root"
Oct 22 09:40:48 server sshd[31046]: Failed password for root from 218.65.30.190 port 15000 ssh2
Oct 22 09:40:48 server sshd[31046]: Disconnecting: Too many authentication failures for root [preauth]
Oct 22 09:40:48 server sshd[31046]: PAM 5 more authentication failures; logname= uid=0 euid=0 tty=ssh ruser= rhost=218.65.30.190  user=root
Oct 22 09:40:48 server sshd[31046]: PAM service(sshd) ignoring max retries; 6 > 3
Oct 22 09:40:53 server sshd[31113]: reverse mapping checking getaddrinfo for 190.30.65.218.broad.xy.jx.dynamic.163data.com.cn [218.65.30.190] failed - POSSIBLE BREAK-IN ATTEMPT!
Oct 22 09:40:53 server sshd[31113]: pam_unix(sshd:auth): authentication failure; logname= uid=0 euid=0 tty=ssh ruser= rhost=218.65.30.190  user=root
Oct 22 09:40:53 server sshd[31113]: pam_succeed_if(sshd:auth): requirement "uid >= 1000" not met by user "root"
Oct 22 09:40:55 server sshd[31113]: Failed password for root from 218.65.30.190 port 54932 ssh2
Oct 22 09:40:56 server sshd[31113]: pam_succeed_if(sshd:auth): requirement "uid >= 1000" not met by user "root"
Oct 22 09:40:58 server sshd[31113]: Failed password for root from 218.65.30.190 port 54932 ssh2
Oct 22 09:40:59 server sshd[31113]: pam_succeed_if(sshd:auth): requirement "uid >= 1000" not met by user "root"
Oct 22 09:41:01 server sshd[31113]: Failed password for root from 218.65.30.190 port 54932 ssh2
Oct 22 09:41:02 server sshd[31113]: pam_succeed_if(sshd:auth): requirement "uid >= 1000" not met by user "root"
Oct 22 09:41:04 server sshd[31113]: Failed password for root from 218.65.30.190 port 54932 ssh2
Oct 22 09:41:05 server sshd[31113]: pam_succeed_if(sshd:auth): requirement "uid >= 1000" not met by user "root"
Oct 22 09:41:07 server sshd[31113]: Failed password for root from 218.65.30.190 port 54932 ssh2
Oct 22 09:41:07 server sshd[31113]: pam_succeed_if(sshd:auth): requirement "uid >= 1000" not met by user "root"
Oct 22 09:41:09 server sshd[31113]: Failed password for root from 218.65.30.190 port 54932 ssh2
Oct 22 09:41:09 server sshd[31113]: Disconnecting: Too many authentication failures for root [preauth]
Oct 22 09:41:09 server sshd[31113]: PAM 5 more authentication failures; logname= uid=0 euid=0 tty=ssh ruser= rhost=218.65.30.190  user=root
Oct 22 09:41:09 server sshd[31113]: PAM service(sshd) ignoring max retries; 6 > 3
Oct 22 09:41:14 server sshd[31159]: reverse mapping checking getaddrinfo for 190.30.65.218.broad.xy.jx.dynamic.163data.com.cn [218.65.30.190] failed - POSSIBLE BREAK-IN ATTEMPT!
Oct 22 09:41:15 server sshd[31159]: pam_unix(sshd:auth): authentication failure; logname= uid=0 euid=0 tty=ssh ruser= rhost=218.65.30.190  user=root
Oct 22 09:41:15 server sshd[31159]: pam_succeed_if(sshd:auth): requirement "uid >= 1000" not met by user "root"
Oct 22 09:41:17 server sshd[31159]: Failed password for root from 218.65.30.190 port 28882 ssh2
Oct 22 09:41:18 server sshd[31159]: pam_succeed_if(sshd:auth): requirement "uid >= 1000" not met by user "root"
Oct 22 09:41:20 server sshd[31159]: Failed password for root from 218.65.30.190 port 28882 ssh2
Oct 22 09:41:21 server sshd[31159]: pam_succeed_if(sshd:auth): requirement "uid >= 1000" not met by user "root"
Oct 22 09:41:23 server sshd[31159]: Failed password for root from 218.65.30.190 port 28882 ssh2
Oct 22 09:41:23 server sshd[31159]: pam_succeed_if(sshd:auth): requirement "uid >= 1000" not met by user "root"
Oct 22 09:41:25 server sshd[31159]: Failed password for root from 218.65.30.190 port 28882 ssh2
Oct 22 09:41:26 server sshd[31159]: pam_succeed_if(sshd:auth): requirement "uid >= 1000" not met by user "root"
Oct 22 09:41:28 server sshd[31159]: Failed password for root from 218.65.30.190 port 28882 ssh2
Oct 22 09:41:29 server sshd[31159]: pam_succeed_if(sshd:auth): requirement "uid >= 1000" not met by user "root"
Oct 22 09:41:31 server sshd[31159]: Failed password for root from 218.65.30.190 port 28882 ssh2
Oct 22 09:41:31 server sshd[31159]: Disconnecting: Too many authentication failures for root [preauth]
Oct 22 09:41:31 server sshd[31159]: PAM 5 more authentication failures; logname= uid=0 euid=0 tty=ssh ruser= rhost=218.65.30.190  user=root
Oct 22 09:41:31 server sshd[31159]: PAM service(sshd) ignoring max retries; 6 > 3
Oct 22 09:41:35 server sshd[31244]: reverse mapping checking getaddrinfo for 190.30.65.218.broad.xy.jx.dynamic.163data.com.cn [218.65.30.190] failed - POSSIBLE BREAK-IN ATTEMPT!
Oct 22 09:41:35 server sshd[31244]: pam_unix(sshd:auth): authentication failure; logname= uid=0 euid=0 tty=ssh ruser= rhost=218.65.30.190  user=root
Oct 22 09:41:35 server sshd[31244]: pam_succeed_if(sshd:auth): requirement "uid >= 1000" not met by user "root"
Oct 22 09:41:36 server sshd[31244]: Failed password for root from 218.65.30.190 port 3774 ssh2
Oct 22 09:41:37 server sshd[31244]: pam_succeed_if(sshd:auth): requirement "uid >= 1000" not met by user "root"
Oct 22 09:41:39 server sshd[31244]: Failed password for root from 218.65.30.190 port 3774 ssh2
Oct 22 09:41:40 server sshd[31244]: pam_succeed_if(sshd:auth): requirement "uid >= 1000" not met by user "root"
Oct 22 09:41:42 server sshd[31244]: Failed password for root from 218.65.30.190 port 3774 ssh2
Oct 22 09:41:43 server sshd[31244]: pam_succeed_if(sshd:auth): requirement "uid >= 1000" not met by user "root"
Oct 22 09:41:45 server sshd[31244]: Failed password for root from 218.65.30.190 port 3774 ssh2
Oct 22 09:41:46 server sshd[31244]: pam_succeed_if(sshd:auth): requirement "uid >= 1000" not met by user "root"
Oct 22 09:41:49 server sshd[31244]: Failed password for root from 218.65.30.190 port 3774 ssh2
Oct 22 09:41:49 server sshd[31244]: pam_succeed_if(sshd:auth): requirement "uid >= 1000" not met by user "root"
Oct 22 09:41:51 server sshd[31244]: Failed password for root from 218.65.30.190 port 3774 ssh2
Oct 22 09:41:51 server sshd[31244]: Disconnecting: Too many authentication failures for root [preauth]
Oct 22 09:41:51 server sshd[31244]: PAM 5 more authentication failures; logname= uid=0 euid=0 tty=ssh ruser= rhost=218.65.30.190  user=root
Oct 22 09:41:51 server sshd[31244]: PAM service(sshd) ignoring max retries; 6 > 3
Oct 22 09:41:58 server sshd[31276]: reverse mapping checking getaddrinfo for 190.30.65.218.broad.xy.jx.dynamic.163data.com.cn [218.65.30.190] failed - POSSIBLE BREAK-IN ATTEMPT!
Oct 22 09:41:58 server sshd[31276]: pam_unix(sshd:auth): authentication failure; logname= uid=0 euid=0 tty=ssh ruser= rhost=218.65.30.190  user=root
Oct 22 09:41:58 server sshd[31276]: pam_succeed_if(sshd:auth): requirement "uid >= 1000" not met by user "root"
Oct 22 09:42:01 server sshd[31276]: Failed password for root from 218.65.30.190 port 41390 ssh2
Oct 22 09:42:01 server sshd[31276]: pam_succeed_if(sshd:auth): requirement "uid >= 1000" not met by user "root"
Oct 22 09:42:03 server sshd[31276]: Failed password for root from 218.65.30.190 port 41390 ssh2
Oct 22 09:42:04 server sshd[31276]: pam_succeed_if(sshd:auth): requirement "uid >= 1000" not met by user "root"
Oct 22 09:42:06 server sshd[31276]: Failed password for root from 218.65.30.190 port 41390 ssh2
Oct 22 09:42:08 server sshd[31276]: pam_succeed_if(sshd:auth): requirement "uid >= 1000" not met by user "root"
Oct 22 09:42:10 server sshd[31276]: Failed password for root from 218.65.30.190 port 41390 ssh2
Oct 22 09:42:10 server sshd[31276]: pam_succeed_if(sshd:auth): requirement "uid >= 1000" not met by user "root"
Oct 22 09:42:13 server sshd[31276]: Failed password for root from 218.65.30.190 port 41390 ssh2
Oct 22 09:42:14 server sshd[31276]: pam_succeed_if(sshd:auth): requirement "uid >= 1000" not met by user "root"
Oct 22 09:42:16 server sshd[31276]: Failed password for root from 218.65.30.190 port 41390 ssh2
Oct 22 09:42:16 server sshd[31276]: Disconnecting: Too many authentication failures for root [preauth]
Oct 22 09:42:16 server sshd[31276]: PAM 5 more authentication failures; logname= uid=0 euid=0 tty=ssh ruser= rhost=218.65.30.190  user=root
Oct 22 09:42:16 server sshd[31276]: PAM service(sshd) ignoring max retries; 6 > 3
Oct 22 09:42:25 server sshd[31338]: reverse mapping checking getaddrinfo for 190.30.65.218.broad.xy.jx.dynamic.163data.com.cn [218.65.30.190] failed - POSSIBLE BREAK-IN ATTEMPT!
Oct 22 09:42:25 server sshd[31338]: pam_unix(sshd:auth): authentication failure; logname= uid=0 euid=0 tty=ssh ruser= rhost=218.65.30.190  user=root
Oct 22 09:42:25 server sshd[31338]: pam_succeed_if(sshd:auth): requirement "uid >= 1000" not met by user "root"
Oct 22 09:42:27 server sshd[31338]: Failed password for root from 218.65.30.190 port 23668 ssh2
Oct 22 09:42:28 server sshd[31338]: pam_succeed_if(sshd:auth): requirement "uid >= 1000" not met by user "root"
Oct 22 09:42:30 server sshd[31338]: Failed password for root from 218.65.30.190 port 23668 ssh2
Oct 22 09:42:31 server sshd[31338]: pam_succeed_if(sshd:auth): requirement "uid >= 1000" not met by user "root"
Oct 22 09:42:33 server sshd[31338]: Failed password for root from 218.65.30.190 port 23668 ssh2
Oct 22 09:42:34 server sshd[31338]: pam_succeed_if(sshd:auth): requirement "uid >= 1000" not met by user "root"
Oct 22 09:42:37 server sshd[31338]: Failed password for root from 218.65.30.190 port 23668 ssh2
Oct 22 09:42:37 server sshd[31338]: pam_succeed_if(sshd:auth): requirement "uid >= 1000" not met by user "root"
Oct 22 09:42:39 server sshd[31338]: Failed password for root from 218.65.30.190 port 23668 ssh2
Oct 22 09:42:40 server sshd[31338]: pam_succeed_if(sshd:auth): requirement "uid >= 1000" not met by user "root"
Oct 22 09:42:43 server sshd[31338]: Failed password for root from 218.65.30.190 port 23668 ssh2
Oct 22 09:42:43 server sshd[31338]: Disconnecting: Too many authentication failures for root [preauth]
Oct 22 09:42:43 server sshd[31338]: PAM 5 more authentication failures; logname= uid=0 euid=0 tty=ssh ruser= rhost=218.65.30.190  user=root
Oct 22 09:42:43 server sshd[31338]: PAM service(sshd) ignoring max retries; 6 > 3
Oct 22 09:42:49 server sshd[31401]: reverse mapping checking getaddrinfo for 190.30.65.218.broad.xy.jx.dynamic.163data.com.cn [218.65.30.190] failed - POSSIBLE BREAK-IN ATTEMPT!
Oct 22 09:42:51 server sshd[31401]: pam_unix(sshd:auth): authentication failure; logname= uid=0 euid=0 tty=ssh ruser= rhost=218.65.30.190  user=root
Oct 22 09:42:51 server sshd[31401]: pam_succeed_if(sshd:auth): requirement "uid >= 1000" not met by user "root"
Oct 22 09:42:53 server sshd[31401]: Failed password for root from 218.65.30.190 port 13046 ssh2
Oct 22 09:42:55 server sshd[31401]: pam_succeed_if(sshd:auth): requirement "uid >= 1000" not met by user "root"
Oct 22 09:42:57 server sshd[31401]: Failed password for root from 218.65.30.190 port 13046 ssh2
Oct 22 09:42:57 server sshd[31401]: pam_succeed_if(sshd:auth): requirement "uid >= 1000" not met by user "root"
Oct 22 09:43:00 server sshd[31401]: Failed password for root from 218.65.30.190 port 13046 ssh2
Oct 22 09:43:01 server sshd[31401]: pam_succeed_if(sshd:auth): requirement "uid >= 1000" not met by user "root"
Oct 22 09:43:04 server sshd[31401]: Failed password for root from 218.65.30.190 port 13046 ssh2
Oct 22 09:43:04 server sshd[31401]: pam_succeed_if(sshd:auth): requirement "uid >= 1000" not met by user "root"
Oct 22 09:43:07 server sshd[31401]: Failed password for root from 218.65.30.190 port 13046 ssh2
Oct 22 09:43:08 server sshd[31401]: pam_succeed_if(sshd:auth): requirement "uid >= 1000" not met by user "root"
Oct 22 09:43:10 server sshd[31401]: Failed password for root from 218.65.30.190 port 13046 ssh2
Oct 22 09:43:10 server sshd[31401]: Disconnecting: Too many authentication failures for root [preauth]
Oct 22 09:43:10 server sshd[31401]: PAM 5 more authentication failures; logname= uid=0 euid=0 tty=ssh ruser= rhost=218.65.30.190  user=root
Oct 22 09:43:10 server sshd[31401]: PAM service(sshd) ignoring max retries; 6 > 3
Oct 22 09:43:11 server sshd[31476]: Invalid user admin from 193.201.224.236
Oct 22 09:43:11 server sshd[31476]: input_userauth_request: invalid user admin [preauth]
Oct 22 09:43:11 server sshd[31476]: Failed none for invalid user admin from 193.201.224.236 port 43148 ssh2
Oct 22 09:43:13 server sshd[31476]: pam_unix(sshd:auth): check pass; user unknown
Oct 22 09:43:13 server sshd[31476]: pam_unix(sshd:auth): authentication failure; logname= uid=0 euid=0 tty=ssh ruser= rhost=193.201.224.236
Oct 22 09:43:14 server sshd[31492]: reverse mapping checking getaddrinfo for 190.30.65.218.broad.xy.jx.dynamic.163data.com.cn [218.65.30.190] failed - POSSIBLE BREAK-IN ATTEMPT!
Oct 22 09:43:14 server sshd[31492]: pam_unix(sshd:auth): authentication failure; logname= uid=0 euid=0 tty=ssh ruser= rhost=218.65.30.190  user=root
Oct 22 09:43:14 server sshd[31492]: pam_succeed_if(sshd:auth): requirement "uid >= 1000" not met by user "root"
Oct 22 09:43:15 server sshd[31476]: Failed password for invalid user admin from 193.201.224.236 port 43148 ssh2
Oct 22 09:43:16 server sshd[31492]: Failed password for root from 218.65.30.190 port 60916 ssh2
Oct 22 09:43:18 server sshd[31492]: pam_succeed_if(sshd:auth): requirement "uid >= 1000" not met by user "root"
Oct 22 09:43:19 server sshd[31476]: pam_unix(sshd:auth): check pass; user unknown
Oct 22 09:43:20 server sshd[31492]: Failed password for root from 218.65.30.190 port 60916 ssh2
Oct 22 09:43:21 server sshd[31476]: Failed password for invalid user admin from 193.201.224.236 port 43148 ssh2
Oct 22 09:43:22 server sshd[31492]: pam_succeed_if(sshd:auth): requirement "uid >= 1000" not met by user "root"
Oct 22 09:43:23 server sshd[31476]: pam_unix(sshd:auth): check pass; user unknown
Oct 22 09:43:24 server sshd[31492]: Failed password for root from 218.65.30.190 port 60916 ssh2
Oct 22 09:43:25 server sshd[31476]: Failed password for invalid user admin from 193.201.224.236 port 43148 ssh2
Oct 22 09:43:25 server sshd[31492]: pam_succeed_if(sshd:auth): requirement "uid >= 1000" not met by user "root"
Oct 22 09:43:25 server sshd[31476]: pam_unix(sshd:auth): check pass; user unknown
Oct 22 09:43:27 server sshd[31492]: Failed password for root from 218.65.30.190 port 60916 ssh2
Oct 22 09:43:27 server sshd[31476]: Failed password for invalid user admin from 193.201.224.236 port 43148 ssh2
Oct 22 09:43:28 server sshd[31476]: pam_unix(sshd:auth): check pass; user unknown
Oct 22 09:43:29 server sshd[31492]: pam_succeed_if(sshd:auth): requirement "uid >= 1000" not met by user "root"
Oct 22 09:43:30 server sshd[31476]: Failed password for invalid user admin from 193.201.224.236 port 43148 ssh2
Oct 22 09:43:30 server sshd[31476]: Disconnecting: Too many authentication failures for admin [preauth]
Oct 22 09:43:30 server sshd[31476]: PAM 4 more authentication failures; logname= uid=0 euid=0 tty=ssh ruser= rhost=193.201.224.236
Oct 22 09:43:30 server sshd[31476]: PAM service(sshd) ignoring max retries; 5 > 3
Oct 22 09:43:31 server sshd[31492]: Failed password for root from 218.65.30.190 port 60916 ssh2
Oct 22 09:43:32 server sshd[31492]: pam_succeed_if(sshd:auth): requirement "uid >= 1000" not met by user "root"
Oct 22 09:43:34 server sshd[31492]: Failed password for root from 218.65.30.190 port 60916 ssh2
Oct 22 09:43:34 server sshd[31492]: Disconnecting: Too many authentication failures for root [preauth]
Oct 22 09:43:34 server sshd[31492]: PAM 5 more authentication failures; logname= uid=0 euid=0 tty=ssh ruser= rhost=218.65.30.190  user=root
Oct 22 09:43:34 server sshd[31492]: PAM service(sshd) ignoring max retries; 6 > 3
Oct 22 09:43:37 server sshd[31536]: reverse mapping checking getaddrinfo for 190.30.65.218.broad.xy.jx.dynamic.163data.com.cn [218.65.30.190] failed - POSSIBLE BREAK-IN ATTEMPT!
Oct 22 09:43:38 server sshd[31536]: pam_unix(sshd:auth): authentication failure; logname= uid=0 euid=0 tty=ssh ruser= rhost=218.65.30.190  user=root
Oct 22 09:43:38 server sshd[31536]: pam_succeed_if(sshd:auth): requirement "uid >= 1000" not met by user "root"
Oct 22 09:43:40 server sshd[31536]: Failed password for root from 218.65.30.190 port 40872 ssh2
Oct 22 09:43:41 server sshd[31536]: pam_succeed_if(sshd:auth): requirement "uid >= 1000" not met by user "root"
Oct 22 09:43:43 server sshd[31536]: Failed password for root from 218.65.30.190 port 40872 ssh2
Oct 22 09:43:44 server sshd[31543]: Invalid user admin from 193.201.224.236
Oct 22 09:43:44 server sshd[31543]: input_userauth_request: invalid user admin [preauth]
Oct 22 09:43:45 server sshd[31536]: pam_succeed_if(sshd:auth): requirement "uid >= 1000" not met by user "root"
Oct 22 09:43:45 server sshd[31543]: pam_unix(sshd:auth): check pass; user unknown
Oct 22 09:43:45 server sshd[31543]: pam_unix(sshd:auth): authentication failure; logname= uid=0 euid=0 tty=ssh ruser= rhost=193.201.224.236
Oct 22 09:43:47 server sshd[31536]: Failed password for root from 218.65.30.190 port 40872 ssh2
Oct 22 09:43:47 server sshd[31543]: Failed password for invalid user admin from 193.201.224.236 port 45589 ssh2
Oct 22 09:43:47 server sshd[31536]: pam_succeed_if(sshd:auth): requirement "uid >= 1000" not met by user "root"
Oct 22 09:43:47 server sshd[31543]: pam_unix(sshd:auth): check pass; user unknown
Oct 22 09:43:50 server sshd[31536]: Failed password for root from 218.65.30.190 port 40872 ssh2
Oct 22 09:43:50 server sshd[31543]: Failed password for invalid user admin from 193.201.224.236 port 45589 ssh2
Oct 22 09:43:50 server sshd[31543]: pam_unix(sshd:auth): check pass; user unknown
Oct 22 09:43:51 server sshd[31536]: pam_succeed_if(sshd:auth): requirement "uid >= 1000" not met by user "root"
Oct 22 09:43:52 server sshd[31543]: Failed password for invalid user admin from 193.201.224.236 port 45589 ssh2
Oct 22 09:43:53 server sshd[31536]: Failed password for root from 218.65.30.190 port 40872 ssh2
Oct 22 09:43:54 server sshd[31536]: pam_succeed_if(sshd:auth): requirement "uid >= 1000" not met by user "root"
Oct 22 09:43:54 server sshd[31543]: pam_unix(sshd:auth): check pass; user unknown
Oct 22 09:43:56 server sshd[31536]: Failed password for root from 218.65.30.190 port 40872 ssh2
Oct 22 09:43:56 server sshd[31536]: Disconnecting: Too many authentication failures for root [preauth]
Oct 22 09:43:56 server sshd[31536]: PAM 5 more authentication failures; logname= uid=0 euid=0 tty=ssh ruser= rhost=218.65.30.190  user=root
Oct 22 09:43:56 server sshd[31536]: PAM service(sshd) ignoring max retries; 6 > 3
Oct 22 09:43:56 server sshd[31543]: Failed password for invalid user admin from 193.201.224.236 port 45589 ssh2
Oct 22 09:43:58 server sshd[31543]: pam_unix(sshd:auth): check pass; user unknown
Oct 22 09:43:59 server sshd[31574]: reverse mapping checking getaddrinfo for 190.30.65.218.broad.xy.jx.dynamic.163data.com.cn [218.65.30.190] failed - POSSIBLE BREAK-IN ATTEMPT!
Oct 22 09:43:59 server sshd[31574]: pam_unix(sshd:auth): authentication failure; logname= uid=0 euid=0 tty=ssh ruser= rhost=218.65.30.190  user=root
Oct 22 09:43:59 server sshd[31574]: pam_succeed_if(sshd:auth): requirement "uid >= 1000" not met by user "root"
Oct 22 09:44:01 server sshd[31543]: Failed password for invalid user admin from 193.201.224.236 port 45589 ssh2
Oct 22 09:44:01 server sshd[31574]: Failed password for root from 218.65.30.190 port 16026 ssh2
Oct 22 09:44:01 server sshd[31543]: pam_unix(sshd:auth): check pass; user unknown
Oct 22 09:44:02 server sshd[31574]: pam_succeed_if(sshd:auth): requirement "uid >= 1000" not met by user "root"
Oct 22 09:44:03 server sshd[31543]: Failed password for invalid user admin from 193.201.224.236 port 45589 ssh2
Oct 22 09:44:03 server sshd[31543]: Disconnecting: Too many authentication failures for admin [preauth]
Oct 22 09:44:03 server sshd[31543]: PAM 5 more authentication failures; logname= uid=0 euid=0 tty=ssh ruser= rhost=193.201.224.236
Oct 22 09:44:03 server sshd[31543]: PAM service(sshd) ignoring max retries; 6 > 3
Oct 22 09:44:04 server sshd[31574]: Failed password for root from 218.65.30.190 port 16026 ssh2
Oct 22 09:44:05 server sshd[31574]: pam_succeed_if(sshd:auth): requirement "uid >= 1000" not met by user "root"
Oct 22 09:44:07 server sshd[31574]: Failed password for root from 218.65.30.190 port 16026 ssh2
Oct 22 09:44:08 server sshd[31574]: pam_succeed_if(sshd:auth): requirement "uid >= 1000" not met by user "root"
Oct 22 09:44:10 server sshd[31574]: Failed password for root from 218.65.30.190 port 16026 ssh2
Oct 22 09:44:11 server sshd[31574]: pam_succeed_if(sshd:auth): requirement "uid >= 1000" not met by user "root"
Oct 22 09:44:13 server sshd[31574]: Failed password for root from 218.65.30.190 port 16026 ssh2
Oct 22 09:44:13 server sshd[31607]: Invalid user admin from 193.201.224.236
Oct 22 09:44:13 server sshd[31607]: input_userauth_request: invalid user admin [preauth]
Oct 22 09:44:13 server sshd[31574]: pam_succeed_if(sshd:auth): requirement "uid >= 1000" not met by user "root"
Oct 22 09:44:15 server sshd[31574]: Failed password for root from 218.65.30.190 port 16026 ssh2
Oct 22 09:44:15 server sshd[31574]: Disconnecting: Too many authentication failures for root [preauth]
Oct 22 09:44:15 server sshd[31574]: PAM 5 more authentication failures; logname= uid=0 euid=0 tty=ssh ruser= rhost=218.65.30.190  user=root
Oct 22 09:44:15 server sshd[31574]: PAM service(sshd) ignoring max retries; 6 > 3
Oct 22 09:44:16 server sshd[31607]: pam_unix(sshd:auth): check pass; user unknown
Oct 22 09:44:16 server sshd[31607]: pam_unix(sshd:auth): authentication failure; logname= uid=0 euid=0 tty=ssh ruser= rhost=193.201.224.236
Oct 22 09:44:18 server sshd[31607]: Failed password for invalid user admin from 193.201.224.236 port 52358 ssh2
Oct 22 09:44:19 server sshd[31607]: pam_unix(sshd:auth): check pass; user unknown
Oct 22 09:44:20 server sshd[31631]: reverse mapping checking getaddrinfo for 190.30.65.218.broad.xy.jx.dynamic.163data.com.cn [218.65.30.190] failed - POSSIBLE BREAK-IN ATTEMPT!
Oct 22 09:44:21 server sshd[31631]: pam_unix(sshd:auth): authentication failure; logname= uid=0 euid=0 tty=ssh ruser= rhost=218.65.30.190  user=root
Oct 22 09:44:21 server sshd[31631]: pam_succeed_if(sshd:auth): requirement "uid >= 1000" not met by user "root"
Oct 22 09:44:21 server sshd[31607]: Failed password for invalid user admin from 193.201.224.236 port 52358 ssh2
Oct 22 09:44:23 server sshd[31607]: pam_unix(sshd:auth): check pass; user unknown
Oct 22 09:44:23 server sshd[31631]: Failed password for root from 218.65.30.190 port 53650 ssh2
Oct 22 09:44:24 server sshd[31631]: pam_succeed_if(sshd:auth): requirement "uid >= 1000" not met by user "root"
Oct 22 09:44:24 server sshd[31607]: Failed password for invalid user admin from 193.201.224.236 port 52358 ssh2
Oct 22 09:44:25 server sshd[31607]: pam_unix(sshd:auth): check pass; user unknown
Oct 22 09:44:26 server sshd[31631]: Failed password for root from 218.65.30.190 port 53650 ssh2
Oct 22 09:44:27 server sshd[31631]: pam_succeed_if(sshd:auth): requirement "uid >= 1000" not met by user "root"
Oct 22 09:44:27 server sshd[31607]: Failed password for invalid user admin from 193.201.224.236 port 52358 ssh2
Oct 22 09:44:29 server sshd[31631]: Failed password for root from 218.65.30.190 port 53650 ssh2
Oct 22 09:44:29 server sshd[31607]: pam_unix(sshd:auth): check pass; user unknown
Oct 22 09:44:29 server sshd[31631]: pam_succeed_if(sshd:auth): requirement "uid >= 1000" not met by user "root"
Oct 22 09:44:31 server sshd[31607]: Failed password for invalid user admin from 193.201.224.236 port 52358 ssh2
Oct 22 09:44:31 server sshd[31607]: pam_unix(sshd:auth): check pass; user unknown
Oct 22 09:44:32 server sshd[31631]: Failed password for root from 218.65.30.190 port 53650 ssh2
Oct 22 09:44:32 server sshd[31631]: pam_succeed_if(sshd:auth): requirement "uid >= 1000" not met by user "root"
Oct 22 09:44:33 server sshd[31607]: Failed password for invalid user admin from 193.201.224.236 port 52358 ssh2
Oct 22 09:44:33 server sshd[31607]: Disconnecting: Too many authentication failures for admin [preauth]
Oct 22 09:44:33 server sshd[31607]: PAM 5 more authentication failures; logname= uid=0 euid=0 tty=ssh ruser= rhost=193.201.224.236
Oct 22 09:44:33 server sshd[31607]: PAM service(sshd) ignoring max retries; 6 > 3
Oct 22 09:44:34 server sshd[31671]: Invalid user admin from 193.201.224.236
Oct 22 09:44:34 server sshd[31671]: input_userauth_request: invalid user admin [preauth]
Oct 22 09:44:34 server sshd[31671]: pam_unix(sshd:auth): check pass; user unknown
Oct 22 09:44:34 server sshd[31671]: pam_unix(sshd:auth): authentication failure; logname= uid=0 euid=0 tty=ssh ruser= rhost=193.201.224.236
Oct 22 09:44:34 server sshd[31631]: Failed password for root from 218.65.30.190 port 53650 ssh2
Oct 22 09:44:35 server sshd[31631]: pam_succeed_if(sshd:auth): requirement "uid >= 1000" not met by user "root"
Oct 22 09:44:36 server sshd[31671]: Failed password for invalid user admin from 193.201.224.236 port 52063 ssh2
Oct 22 09:44:37 server sshd[31631]: Failed password for root from 218.65.30.190 port 53650 ssh2
Oct 22 09:44:37 server sshd[31631]: Disconnecting: Too many authentication failures for root [preauth]
Oct 22 09:44:37 server sshd[31631]: PAM 5 more authentication failures; logname= uid=0 euid=0 tty=ssh ruser= rhost=218.65.30.190  user=root
Oct 22 09:44:37 server sshd[31631]: PAM service(sshd) ignoring max retries; 6 > 3
Oct 22 09:44:41 server sshd[31671]: pam_unix(sshd:auth): check pass; user unknown
Oct 22 09:44:42 server sshd[31678]: reverse mapping checking getaddrinfo for 190.30.65.218.broad.xy.jx.dynamic.163data.com.cn [218.65.30.190] failed - POSSIBLE BREAK-IN ATTEMPT!
Oct 22 09:44:42 server sshd[31678]: pam_unix(sshd:auth): authentication failure; logname= uid=0 euid=0 tty=ssh ruser= rhost=218.65.30.190  user=root
Oct 22 09:44:42 server sshd[31678]: pam_succeed_if(sshd:auth): requirement "uid >= 1000" not met by user "root"
Oct 22 09:44:43 server sshd[31671]: Failed password for invalid user admin from 193.201.224.236 port 52063 ssh2
Oct 22 09:44:44 server sshd[31678]: Failed password for root from 218.65.30.190 port 26516 ssh2
Oct 22 09:44:44 server sshd[31671]: pam_unix(sshd:auth): check pass; user unknown
Oct 22 09:44:45 server sshd[31678]: pam_succeed_if(sshd:auth): requirement "uid >= 1000" not met by user "root"
Oct 22 09:44:46 server sshd[31671]: Failed password for invalid user admin from 193.201.224.236 port 52063 ssh2
Oct 22 09:44:47 server sshd[31678]: Failed password for root from 218.65.30.190 port 26516 ssh2
Oct 22 09:44:48 server sshd[31678]: pam_succeed_if(sshd:auth): requirement "uid >= 1000" not met by user "root"
Oct 22 09:44:50 server sshd[31678]: Failed password for root from 218.65.30.190 port 26516 ssh2
Oct 22 09:44:51 server sshd[31678]: pam_succeed_if(sshd:auth): requirement "uid >= 1000" not met by user "root"
Oct 22 09:44:51 server sshd[31671]: pam_unix(sshd:auth): check pass; user unknown
Oct 22 09:44:53 server sshd[31678]: Failed password for root from 218.65.30.190 port 26516 ssh2
Oct 22 09:44:53 server sshd[31671]: Failed password for invalid user admin from 193.201.224.236 port 52063 ssh2
Oct 22 09:44:55 server sshd[31678]: pam_succeed_if(sshd:auth): requirement "uid >= 1000" not met by user "root"
Oct 22 09:44:55 server sshd[31671]: pam_unix(sshd:auth): check pass; user unknown
Oct 22 09:44:57 server sshd[31678]: Failed password for root from 218.65.30.190 port 26516 ssh2
Oct 22 09:44:57 server sshd[31671]: Failed password for invalid user admin from 193.201.224.236 port 52063 ssh2
Oct 22 09:44:58 server sshd[31671]: pam_unix(sshd:auth): check pass; user unknown
Oct 22 09:44:58 server sshd[31678]: pam_succeed_if(sshd:auth): requirement "uid >= 1000" not met by user "root"
Oct 22 09:45:00 server sshd[31671]: Failed password for invalid user admin from 193.201.224.236 port 52063 ssh2
Oct 22 09:45:00 server sshd[31671]: Disconnecting: Too many authentication failures for admin [preauth]
Oct 22 09:45:00 server sshd[31671]: PAM 5 more authentication failures; logname= uid=0 euid=0 tty=ssh ruser= rhost=193.201.224.236
Oct 22 09:45:00 server sshd[31671]: PAM service(sshd) ignoring max retries; 6 > 3
Oct 22 09:45:00 server sshd[31678]: Failed password for root from 218.65.30.190 port 26516 ssh2
Oct 22 09:45:00 server sshd[31678]: Disconnecting: Too many authentication failures for root [preauth]
Oct 22 09:45:00 server sshd[31678]: PAM 5 more authentication failures; logname= uid=0 euid=0 tty=ssh ruser= rhost=218.65.30.190  user=root
Oct 22 09:45:00 server sshd[31678]: PAM service(sshd) ignoring max retries; 6 > 3
Oct 22 09:45:03 server sshd[31757]: reverse mapping checking getaddrinfo for 190.30.65.218.broad.xy.jx.dynamic.163data.com.cn [218.65.30.190] failed - POSSIBLE BREAK-IN ATTEMPT!
Oct 22 09:45:04 server sshd[31757]: pam_unix(sshd:auth): authentication failure; logname= uid=0 euid=0 tty=ssh ruser= rhost=218.65.30.190  user=root
Oct 22 09:45:04 server sshd[31757]: pam_succeed_if(sshd:auth): requirement "uid >= 1000" not met by user "root"
Oct 22 09:45:06 server sshd[31757]: Failed password for root from 218.65.30.190 port 3822 ssh2
Oct 22 09:45:07 server sshd[31757]: pam_succeed_if(sshd:auth): requirement "uid >= 1000" not met by user "root"
Oct 22 09:45:09 server sshd[31759]: Invalid user admin from 193.201.224.236
Oct 22 09:45:09 server sshd[31759]: input_userauth_request: invalid user admin [preauth]
Oct 22 09:45:09 server sshd[31757]: Failed password for root from 218.65.30.190 port 3822 ssh2
Oct 22 09:45:10 server sshd[31759]: pam_unix(sshd:auth): check pass; user unknown
Oct 22 09:45:10 server sshd[31759]: pam_unix(sshd:auth): authentication failure; logname= uid=0 euid=0 tty=ssh ruser= rhost=193.201.224.236
Oct 22 09:45:10 server sshd[31757]: pam_succeed_if(sshd:auth): requirement "uid >= 1000" not met by user "root"
Oct 22 09:45:12 server sshd[31759]: Failed password for invalid user admin from 193.201.224.236 port 58646 ssh2
Oct 22 09:45:12 server sshd[31757]: Failed password for root from 218.65.30.190 port 3822 ssh2
Oct 22 09:45:12 server sshd[31759]: pam_unix(sshd:auth): check pass; user unknown
Oct 22 09:45:14 server sshd[31759]: Failed password for invalid user admin from 193.201.224.236 port 58646 ssh2
Oct 22 09:45:14 server sshd[31757]: pam_succeed_if(sshd:auth): requirement "uid >= 1000" not met by user "root"
Oct 22 09:45:15 server sshd[31759]: pam_unix(sshd:auth): check pass; user unknown
Oct 22 09:45:16 server sshd[31757]: Failed password for root from 218.65.30.190 port 3822 ssh2
Oct 22 09:45:17 server sshd[31759]: Failed password for invalid user admin from 193.201.224.236 port 58646 ssh2
Oct 22 09:45:17 server sshd[31757]: pam_succeed_if(sshd:auth): requirement "uid >= 1000" not met by user "root"
Oct 22 09:45:18 server sshd[31759]: pam_unix(sshd:auth): check pass; user unknown
Oct 22 09:45:19 server sshd[31757]: Failed password for root from 218.65.30.190 port 3822 ssh2
Oct 22 09:45:20 server sshd[31757]: pam_succeed_if(sshd:auth): requirement "uid >= 1000" not met by user "root"
Oct 22 09:45:20 server sshd[31759]: Failed password for invalid user admin from 193.201.224.236 port 58646 ssh2
Oct 22 09:45:22 server sshd[31757]: Failed password for root from 218.65.30.190 port 3822 ssh2
Oct 22 09:45:22 server sshd[31757]: Disconnecting: Too many authentication failures for root [preauth]
Oct 22 09:45:22 server sshd[31757]: PAM 5 more authentication failures; logname= uid=0 euid=0 tty=ssh ruser= rhost=218.65.30.190  user=root
Oct 22 09:45:22 server sshd[31757]: PAM service(sshd) ignoring max retries; 6 > 3
Oct 22 09:45:24 server sshd[31759]: pam_unix(sshd:auth): check pass; user unknown
Oct 22 09:45:25 server sshd[31759]: Failed password for invalid user admin from 193.201.224.236 port 58646 ssh2
Oct 22 09:45:26 server sshd[31759]: pam_unix(sshd:auth): check pass; user unknown
Oct 22 09:45:29 server sshd[31759]: Failed password for invalid user admin from 193.201.224.236 port 58646 ssh2
Oct 22 09:45:29 server sshd[31759]: Disconnecting: Too many authentication failures for admin [preauth]
Oct 22 09:45:29 server sshd[31759]: PAM 5 more authentication failures; logname= uid=0 euid=0 tty=ssh ruser= rhost=193.201.224.236
Oct 22 09:45:29 server sshd[31759]: PAM service(sshd) ignoring max retries; 6 > 3
Oct 22 09:45:33 server sshd[31797]: Received disconnect from 218.65.30.190: 11:  [preauth]
Oct 22 09:45:36 server sshd[31827]: Bad protocol version identification 'SSH-2.0_CoreLab-1.0' from 193.201.224.236 port 1651
Oct 22 09:45:43 server sshd[31841]: Invalid user admin from 193.201.224.236
Oct 22 09:45:43 server sshd[31841]: input_userauth_request: invalid user admin [preauth]
Oct 22 09:45:43 server sshd[31841]: pam_unix(sshd:auth): check pass; user unknown
Oct 22 09:45:43 server sshd[31841]: pam_unix(sshd:auth): authentication failure; logname= uid=0 euid=0 tty=ssh ruser= rhost=193.201.224.236
Oct 22 09:45:45 server sshd[31841]: Failed password for invalid user admin from 193.201.224.236 port 8795 ssh2
Oct 22 09:45:45 server sshd[31841]: pam_unix(sshd:auth): check pass; user unknown
Oct 22 09:45:47 server sshd[31841]: Failed password for invalid user admin from 193.201.224.236 port 8795 ssh2
Oct 22 09:45:49 server sshd[31841]: pam_unix(sshd:auth): check pass; user unknown
Oct 22 09:45:51 server sshd[31841]: Failed password for invalid user admin from 193.201.224.236 port 8795 ssh2
Oct 22 09:45:54 server sshd[31841]: pam_unix(sshd:auth): check pass; user unknown
Oct 22 09:45:56 server sshd[31841]: Failed password for invalid user admin from 193.201.224.236 port 8795 ssh2
Oct 22 09:45:56 server sshd[31841]: pam_unix(sshd:auth): check pass; user unknown
Oct 22 09:45:58 server sshd[31841]: Failed password for invalid user admin from 193.201.224.236 port 8795 ssh2
Oct 22 09:45:59 server sshd[31841]: Disconnecting: Change of username or service not allowed: (admin,ssh-connection) -> (Admin,ssh-connection) [preauth]
Oct 22 09:45:59 server sshd[31841]: PAM 4 more authentication failures; logname= uid=0 euid=0 tty=ssh ruser= rhost=193.201.224.236
Oct 22 09:45:59 server sshd[31841]: PAM service(sshd) ignoring max retries; 5 > 3
Oct 22 09:46:12 server sshd[31869]: Invalid user Admin from 193.201.224.236
Oct 22 09:46:12 server sshd[31869]: input_userauth_request: invalid user Admin [preauth]
Oct 22 09:46:13 server sshd[31869]: pam_unix(sshd:auth): check pass; user unknown
Oct 22 09:46:13 server sshd[31869]: pam_unix(sshd:auth): authentication failure; logname= uid=0 euid=0 tty=ssh ruser= rhost=193.201.224.236
Oct 22 09:46:15 server sshd[31869]: Failed password for invalid user Admin from 193.201.224.236 port 3017 ssh2
Oct 22 09:46:22 server sshd[31869]: Disconnecting: Change of username or service not allowed: (Admin,ssh-connection) -> (admin,ssh-connection) [preauth]
Oct 22 09:46:29 server sshd[31946]: Invalid user admin from 193.201.224.236
Oct 22 09:46:29 server sshd[31946]: input_userauth_request: invalid user admin [preauth]
Oct 22 09:46:29 server sshd[31946]: pam_unix(sshd:auth): check pass; user unknown
Oct 22 09:46:29 server sshd[31946]: pam_unix(sshd:auth): authentication failure; logname= uid=0 euid=0 tty=ssh ruser= rhost=193.201.224.236
Oct 22 09:46:31 server sshd[31946]: Failed password for invalid user admin from 193.201.224.236 port 47986 ssh2
Oct 22 09:46:32 server sshd[31946]: pam_unix(sshd:auth): check pass; user unknown
Oct 22 09:46:34 server sshd[31946]: Failed password for invalid user admin from 193.201.224.236 port 47986 ssh2
Oct 22 09:46:34 server sshd[31946]: pam_unix(sshd:auth): check pass; user unknown
Oct 22 09:46:36 server sshd[31946]: Failed password for invalid user admin from 193.201.224.236 port 47986 ssh2
Oct 22 09:46:36 server sshd[31946]: pam_unix(sshd:auth): check pass; user unknown
Oct 22 09:46:38 server sshd[31946]: Failed password for invalid user admin from 193.201.224.236 port 47986 ssh2
Oct 22 09:46:43 server sshd[31946]: pam_unix(sshd:auth): check pass; user unknown
Oct 22 09:46:45 server sshd[31946]: Failed password for invalid user admin from 193.201.224.236 port 47986 ssh2
Oct 22 09:46:46 server sshd[31946]: pam_unix(sshd:auth): check pass; user unknown
Oct 22 09:46:48 server sshd[31946]: Failed password for invalid user admin from 193.201.224.236 port 47986 ssh2
Oct 22 09:46:48 server sshd[31946]: Disconnecting: Too many authentication failures for admin [preauth]
Oct 22 09:46:48 server sshd[31946]: PAM 5 more authentication failures; logname= uid=0 euid=0 tty=ssh ruser= rhost=193.201.224.236
Oct 22 09:46:48 server sshd[31946]: PAM service(sshd) ignoring max retries; 6 > 3
Oct 22 09:47:13 server sshd[32049]: Did not receive identification string from 193.201.224.236
Oct 22 09:47:19 server sshd[32065]: Invalid user admin from 193.201.224.236
Oct 22 09:47:19 server sshd[32065]: input_userauth_request: invalid user admin [preauth]
Oct 22 09:47:19 server sshd[32065]: pam_unix(sshd:auth): check pass; user unknown
Oct 22 09:47:19 server sshd[32065]: pam_unix(sshd:auth): authentication failure; logname= uid=0 euid=0 tty=ssh ruser= rhost=193.201.224.236
Oct 22 09:47:21 server sshd[32065]: Failed password for invalid user admin from 193.201.224.236 port 27123 ssh2
Oct 22 09:47:21 server sshd[32065]: pam_unix(sshd:auth): check pass; user unknown
Oct 22 09:47:23 server sshd[32065]: Failed password for invalid user admin from 193.201.224.236 port 27123 ssh2
Oct 22 09:47:23 server sshd[32065]: pam_unix(sshd:auth): check pass; user unknown
Oct 22 09:47:25 server sshd[32065]: Failed password for invalid user admin from 193.201.224.236 port 27123 ssh2
Oct 22 09:47:25 server sshd[32065]: pam_unix(sshd:auth): check pass; user unknown
Oct 22 09:47:27 server sshd[32065]: Failed password for invalid user admin from 193.201.224.236 port 27123 ssh2
Oct 22 09:47:27 server sshd[32065]: pam_unix(sshd:auth): check pass; user unknown
Oct 22 09:47:29 server sshd[32065]: Failed password for invalid user admin from 193.201.224.236 port 27123 ssh2
Oct 22 09:47:29 server sshd[32065]: pam_unix(sshd:auth): check pass; user unknown
Oct 22 09:47:31 server sshd[32065]: Failed password for invalid user admin from 193.201.224.236 port 27123 ssh2
Oct 22 09:47:31 server sshd[32065]: Disconnecting: Too many authentication failures for admin [preauth]
Oct 22 09:47:31 server sshd[32065]: PAM 5 more authentication failures; logname= uid=0 euid=0 tty=ssh ruser= rhost=193.201.224.236
Oct 22 09:47:31 server sshd[32065]: PAM service(sshd) ignoring max retries; 6 > 3
Oct 22 09:47:41 server sshd[32138]: Invalid user admin from 193.201.224.236
Oct 22 09:47:41 server sshd[32138]: input_userauth_request: invalid user admin [preauth]
Oct 22 09:47:42 server sshd[32138]: pam_unix(sshd:auth): check pass; user unknown
Oct 22 09:47:42 server sshd[32138]: pam_unix(sshd:auth): authentication failure; logname= uid=0 euid=0 tty=ssh ruser= rhost=193.201.224.236
Oct 22 09:47:44 server sshd[32138]: Failed password for invalid user admin from 193.201.224.236 port 25288 ssh2
Oct 22 09:47:44 server sshd[32138]: pam_unix(sshd:auth): check pass; user unknown
Oct 22 09:47:46 server sshd[32138]: Failed password for invalid user admin from 193.201.224.236 port 25288 ssh2
Oct 22 09:47:58 server sshd[32138]: pam_unix(sshd:auth): check pass; user unknown
Oct 22 09:48:01 server sshd[32138]: Failed password for invalid user admin from 193.201.224.236 port 25288 ssh2
Oct 22 09:48:02 server sshd[32138]: pam_unix(sshd:auth): check pass; user unknown
Oct 22 09:48:04 server sshd[32138]: Failed password for invalid user admin from 193.201.224.236 port 25288 ssh2
Oct 22 09:48:04 server sshd[32138]: pam_unix(sshd:auth): check pass; user unknown
Oct 22 09:48:06 server sshd[32205]: reverse mapping checking getaddrinfo for red118.214.071-ssservicios.com.ar [138.118.214.71] failed - POSSIBLE BREAK-IN ATTEMPT!
Oct 22 09:48:06 server sshd[32205]: pam_unix(sshd:auth): authentication failure; logname= uid=0 euid=0 tty=ssh ruser= rhost=138.118.214.71  user=root
Oct 22 09:48:06 server sshd[32205]: pam_succeed_if(sshd:auth): requirement "uid >= 1000" not met by user "root"
Oct 22 09:48:07 server sshd[32138]: Failed password for invalid user admin from 193.201.224.236 port 25288 ssh2
Oct 22 09:48:07 server sshd[32205]: Failed password for root from 138.118.214.71 port 17673 ssh2
Oct 22 09:48:07 server sshd[32138]: pam_unix(sshd:auth): check pass; user unknown
Oct 22 09:48:08 server sshd[32205]: pam_succeed_if(sshd:auth): requirement "uid >= 1000" not met by user "root"
Oct 22 09:48:10 server sshd[32138]: Failed password for invalid user admin from 193.201.224.236 port 25288 ssh2
Oct 22 09:48:10 server sshd[32138]: Disconnecting: Too many authentication failures for admin [preauth]
Oct 22 09:48:10 server sshd[32138]: PAM 5 more authentication failures; logname= uid=0 euid=0 tty=ssh ruser= rhost=193.201.224.236
Oct 22 09:48:10 server sshd[32138]: PAM service(sshd) ignoring max retries; 6 > 3
Oct 22 09:48:10 server sshd[32205]: Failed password for root from 138.118.214.71 port 17673 ssh2
Oct 22 09:48:10 server sshd[32205]: pam_succeed_if(sshd:auth): requirement "uid >= 1000" not met by user "root"
Oct 22 09:48:13 server sshd[32205]: Failed password for root from 138.118.214.71 port 17673 ssh2
Oct 22 09:48:13 server sshd[32205]: Connection closed by 138.118.214.71 [preauth]
Oct 22 09:48:13 server sshd[32205]: PAM 2 more authentication failures; logname= uid=0 euid=0 tty=ssh ruser= rhost=138.118.214.71  user=root
Oct 22 09:48:21 server sshd[32220]: Invalid user admin from 193.201.224.236
Oct 22 09:48:21 server sshd[32220]: input_userauth_request: invalid user admin [preauth]
Oct 22 09:48:23 server sshd[32220]: pam_unix(sshd:auth): check pass; user unknown
Oct 22 09:48:23 server sshd[32220]: pam_unix(sshd:auth): authentication failure; logname= uid=0 euid=0 tty=ssh ruser= rhost=193.201.224.236
Oct 22 09:48:24 server sshd[32220]: Failed password for invalid user admin from 193.201.224.236 port 42201 ssh2
Oct 22 09:48:24 server sshd[32220]: pam_unix(sshd:auth): check pass; user unknown
Oct 22 09:48:26 server sshd[32220]: Failed password for invalid user admin from 193.201.224.236 port 42201 ssh2
Oct 22 09:48:27 server sshd[32220]: pam_unix(sshd:auth): check pass; user unknown
Oct 22 09:48:30 server sshd[32220]: Failed password for invalid user admin from 193.201.224.236 port 42201 ssh2
Oct 22 09:48:30 server sshd[32220]: pam_unix(sshd:auth): check pass; user unknown
Oct 22 09:48:32 server sshd[32220]: Failed password for invalid user admin from 193.201.224.236 port 42201 ssh2
Oct 22 09:48:33 server sshd[32220]: pam_unix(sshd:auth): check pass; user unknown
Oct 22 09:48:35 server sshd[32220]: Failed password for invalid user admin from 193.201.224.236 port 42201 ssh2
Oct 22 09:48:35 server sshd[32220]: pam_unix(sshd:auth): check pass; user unknown
Oct 22 09:48:37 server sshd[32220]: Failed password for invalid user admin from 193.201.224.236 port 42201 ssh2
Oct 22 09:48:37 server sshd[32220]: Disconnecting: Too many authentication failures for admin [preauth]
Oct 22 09:48:37 server sshd[32220]: PAM 5 more authentication failures; logname= uid=0 euid=0 tty=ssh ruser= rhost=193.201.224.236
Oct 22 09:48:37 server sshd[32220]: PAM service(sshd) ignoring max retries; 6 > 3
Oct 22 09:48:44 server sshd[32285]: Invalid user admin from 193.201.224.236
Oct 22 09:48:44 server sshd[32285]: input_userauth_request: invalid user admin [preauth]
Oct 22 09:48:45 server sshd[32285]: pam_unix(sshd:auth): check pass; user unknown
Oct 22 09:48:45 server sshd[32285]: pam_unix(sshd:auth): authentication failure; logname= uid=0 euid=0 tty=ssh ruser= rhost=193.201.224.236
Oct 22 09:48:48 server sshd[32285]: Failed password for invalid user admin from 193.201.224.236 port 42133 ssh2
Oct 22 09:48:49 server sshd[32285]: pam_unix(sshd:auth): check pass; user unknown
